[     288ms] [ERROR] The Content Security Policy directive 'upgrade-insecure-requests' is ignored when delivered in a report-only policy. @ https://fanqienovel.com/main/writer/book-manage:0
[     496ms] [ERROR] Failed to load resource: net::ERR_NAME_NOT_RESOLVED @ https://tosv.byted.org/obj/novel-platform/9f89ddb57268eb74fc60228e136ca0a5:0
[     785ms] [LOG] %c %s color: yellow; background-color: black; [AppLog WEB SDK] [instance: newTea] appid: 2503, userInfo:{"user_unique_id":"7629432237671646735","user_id":"3352882625651228","web_id":"7629432237671646735"} @ https://lf-serial-static.fanqienovel.com/obj/novel-serial-cdn/toutiao/muye/main/static/js/449.9679a1c3.js:5
[     785ms] [LOG] %c %s color: yellow; background-color: black; [AppLog WEB SDK] [instance: newTea] appid: 2503, sdk is ready, version type is base, version is 5.3.2, you can report now !!! @ https://lf-serial-static.fanqienovel.com/obj/novel-serial-cdn/toutiao/muye/main/static/js/449.9679a1c3.js:5
[     902ms] [ERROR] Refused to get unsafe header "x-tt-zhal" @ https://lf-serial-static.fanqienovel.com/obj/novel-serial-cdn/toutiao/muye/main/static/js/449.9679a1c3.js:1
[     922ms] [ERROR] Refused to get unsafe header "x-tt-zhal" @ https://lf-serial-static.fanqienovel.com/obj/novel-serial-cdn/toutiao/muye/main/static/js/449.9679a1c3.js:1
[     927ms] [ERROR] Refused to get unsafe header "x-tt-zhal" @ https://lf-serial-static.fanqienovel.com/obj/novel-serial-cdn/toutiao/muye/main/static/js/449.9679a1c3.js:1
[     928ms] [ERROR] Refused to get unsafe header "x-tt-zhal" @ https://lf-serial-static.fanqienovel.com/obj/novel-serial-cdn/toutiao/muye/main/static/js/449.9679a1c3.js:1
[     962ms] [ERROR] Refused to get unsafe header "x-tt-zhal" @ https://lf-serial-static.fanqienovel.com/obj/novel-serial-cdn/toutiao/muye/main/static/js/449.9679a1c3.js:1
[     994ms] [ERROR] Refused to get unsafe header "x-tt-zhal" @ https://lf-serial-static.fanqienovel.com/obj/novel-serial-cdn/toutiao/muye/main/static/js/449.9679a1c3.js:1
[    1262ms] [ERROR] Refused to get unsafe header "x-tt-zhal" @ https://lf-serial-static.fanqienovel.com/obj/novel-serial-cdn/toutiao/muye/main/static/js/449.9679a1c3.js:1
[    1316ms] [ERROR] Refused to get unsafe header "x-tt-zhal" @ https://lf-serial-static.fanqienovel.com/obj/novel-serial-cdn/toutiao/muye/main/static/js/449.9679a1c3.js:1
[    2379ms] [ERROR] Refused to get unsafe header "x-tt-zhal" @ https://lf-serial-static.fanqienovel.com/obj/novel-serial-cdn/toutiao/muye/main/static/js/449.9679a1c3.js:1
[    3936ms] [ERROR] Refused to get unsafe header "x-tt-zhal" @ https://lf-serial-static.fanqienovel.com/obj/novel-serial-cdn/toutiao/muye/main/static/js/449.9679a1c3.js:1
[    5113ms] [ERROR] Refused to get unsafe header "x-tt-zhal" @ https://lf-serial-static.fanqienovel.com/obj/novel-serial-cdn/toutiao/muye/main/static/js/449.9679a1c3.js:1
[   35515ms] [ERROR] Refused to get unsafe header "x-tt-zhal" @ https://lf-serial-static.fanqienovel.com/obj/novel-serial-cdn/toutiao/muye/main/static/js/449.9679a1c3.js:1
[   35680ms] [ERROR] Refused to get unsafe header "x-tt-zhal" @ https://lf-serial-static.fanqienovel.com/obj/novel-serial-cdn/toutiao/muye/main/static/js/449.9679a1c3.js:1
[   35759ms] [ERROR] Refused to get unsafe header "x-tt-zhal" @ https://lf-serial-static.fanqienovel.com/obj/novel-serial-cdn/toutiao/muye/main/static/js/449.9679a1c3.js:1
[   36093ms] [ERROR] Refused to get unsafe header "x-tt-zhal" @ https://lf-serial-static.fanqienovel.com/obj/novel-serial-cdn/toutiao/muye/main/static/js/449.9679a1c3.js:1
[   37358ms] [ERROR] Refused to get unsafe header "x-tt-zhal" @ https://lf-serial-static.fanqienovel.com/obj/novel-serial-cdn/toutiao/muye/main/static/js/449.9679a1c3.js:1
[   37726ms] [ERROR] Refused to get unsafe header "x-tt-zhal" @ https://lf-serial-static.fanqienovel.com/obj/novel-serial-cdn/toutiao/muye/main/static/js/449.9679a1c3.js:1
[   38924ms] [ERROR] Refused to get unsafe header "x-tt-zhal" @ https://lf-serial-static.fanqienovel.com/obj/novel-serial-cdn/toutiao/muye/main/static/js/449.9679a1c3.js:1
[   60893ms] [ERROR] Refused to get unsafe header "x-tt-zhal" @ https://lf-serial-static.fanqienovel.com/obj/novel-serial-cdn/toutiao/muye/main/static/js/449.9679a1c3.js:1
[   62202ms] [ERROR] Refused to get unsafe header "x-tt-zhal" @ https://lf-serial-static.fanqienovel.com/obj/novel-serial-cdn/toutiao/muye/main/static/js/449.9679a1c3.js:1
[  122520ms] [ERROR] Refused to get unsafe header "x-tt-zhal" @ https://lf-serial-static.fanqienovel.com/obj/novel-serial-cdn/toutiao/muye/main/static/js/449.9679a1c3.js:1
[  182142ms] [ERROR] Refused to get unsafe header "x-tt-zhal" @ https://lf-serial-static.fanqienovel.com/obj/novel-serial-cdn/toutiao/muye/main/static/js/449.9679a1c3.js:1
[  242164ms] [ERROR] Refused to get unsafe header "x-tt-zhal" @ https://lf-serial-static.fanqienovel.com/obj/novel-serial-cdn/toutiao/muye/main/static/js/449.9679a1c3.js:1
