[     282ms] [ERROR] The Content Security Policy directive 'upgrade-insecure-requests' is ignored when delivered in a report-only policy. @ https://fanqienovel.com/main/writer/book-manage:0
[     458ms] [WARNING] A parser-blocking, cross site (i.e. different eTLD+1) script, https://lf-security.bytegoofy.com/obj/security-secsdk/runtime-stable.js, is invoked via document.write. The network request for this script MAY be blocked by the browser in this or a future page load due to poor network connectivity. If blocked in this page load, it will be confirmed in a subsequent console message. See https://www.chromestatus.com/feature/5718547946799104 for more details. @ https://lf-security.bytegoofy.com/obj/security-secsdk/runtime.js:4
[     458ms] [WARNING] A parser-blocking, cross site (i.e. different eTLD+1) script, https://lf-security.bytegoofy.com/obj/security-secsdk/runtime-stable.js, is invoked via document.write. The network request for this script MAY be blocked by the browser in this or a future page load due to poor network connectivity. If blocked in this page load, it will be confirmed in a subsequent console message. See https://www.chromestatus.com/feature/5718547946799104 for more details. @ https://lf-security.bytegoofy.com/obj/security-secsdk/runtime.js:4
[     604ms] [WARNING] A parser-blocking, cross site (i.e. different eTLD+1) script, https://lf-security.bytegoofy.com/obj/security-secsdk/config_174.js, is invoked via document.write. The network request for this script MAY be blocked by the browser in this or a future page load due to poor network connectivity. If blocked in this page load, it will be confirmed in a subsequent console message. See https://www.chromestatus.com/feature/5718547946799104 for more details. @ https://lf-security.bytegoofy.com/obj/security-secsdk/runtime-stable.js:4
[     604ms] [WARNING] A parser-blocking, cross site (i.e. different eTLD+1) script, https://lf-security.bytegoofy.com/obj/security-secsdk/config_174.js, is invoked via document.write. The network request for this script MAY be blocked by the browser in this or a future page load due to poor network connectivity. If blocked in this page load, it will be confirmed in a subsequent console message. See https://www.chromestatus.com/feature/5718547946799104 for more details. @ https://lf-security.bytegoofy.com/obj/security-secsdk/runtime-stable.js:4
[     604ms] [WARNING] A parser-blocking, cross site (i.e. different eTLD+1) script, https://lf-security.bytegoofy.com/obj/security-secsdk/project_174.js, is invoked via document.write. The network request for this script MAY be blocked by the browser in this or a future page load due to poor network connectivity. If blocked in this page load, it will be confirmed in a subsequent console message. See https://www.chromestatus.com/feature/5718547946799104 for more details. @ https://lf-security.bytegoofy.com/obj/security-secsdk/runtime-stable.js:4
[     604ms] [WARNING] A parser-blocking, cross site (i.e. different eTLD+1) script, https://lf-security.bytegoofy.com/obj/security-secsdk/strategy_174.js?v=1, is invoked via document.write. The network request for this script MAY be blocked by the browser in this or a future page load due to poor network connectivity. If blocked in this page load, it will be confirmed in a subsequent console message. See https://www.chromestatus.com/feature/5718547946799104 for more details. @ https://lf-security.bytegoofy.com/obj/security-secsdk/runtime-stable.js:4
[    1370ms] [ERROR] Failed to load resource: net::ERR_NAME_NOT_RESOLVED @ https://tosv.byted.org/obj/novel-platform/9f89ddb57268eb74fc60228e136ca0a5:0
[    1613ms] [LOG] %c %s color: yellow; background-color: black; [AppLog WEB SDK] [instance: newTea] appid: 2503, userInfo:{"user_unique_id":"7629432237671646735","user_id":"","web_id":"7629432237671646735"} @ https://lf-serial-static.fanqienovel.com/obj/novel-serial-cdn/toutiao/muye/main/static/js/449.9679a1c3.js:5
[    1613ms] [LOG] %c %s color: yellow; background-color: black; [AppLog WEB SDK] [instance: newTea] appid: 2503, sdk is ready, version type is base, version is 5.3.2, you can report now !!! @ https://lf-serial-static.fanqienovel.com/obj/novel-serial-cdn/toutiao/muye/main/static/js/449.9679a1c3.js:5
[    1732ms] [ERROR] Refused to get unsafe header "x-tt-zhal" @ https://lf-serial-static.fanqienovel.com/obj/novel-serial-cdn/toutiao/muye/main/static/js/449.9679a1c3.js:1
[    1765ms] [ERROR] Refused to get unsafe header "x-tt-zhal" @ https://lf-serial-static.fanqienovel.com/obj/novel-serial-cdn/toutiao/muye/main/static/js/449.9679a1c3.js:1
[    1774ms] [ERROR] Refused to get unsafe header "x-tt-zhal" @ https://lf-serial-static.fanqienovel.com/obj/novel-serial-cdn/toutiao/muye/main/static/js/449.9679a1c3.js:1
[    1784ms] [ERROR] Refused to get unsafe header "x-tt-zhal" @ https://lf-serial-static.fanqienovel.com/obj/novel-serial-cdn/toutiao/muye/main/static/js/449.9679a1c3.js:1
[    1796ms] [ERROR] Refused to get unsafe header "x-tt-zhal" @ https://lf-serial-static.fanqienovel.com/obj/novel-serial-cdn/toutiao/muye/main/static/js/449.9679a1c3.js:1
[    1841ms] [WARNING] [DEPRECATED] Use `createWithEqualityFn` instead of `create` or use `useStoreWithEqualityFn` instead of `useStore`. They can be imported from 'zustand/traditional'. https://github.com/pmndrs/zustand/discussions/1937 @ https://lf-serial-static.fanqienovel.com/obj/novel-serial-cdn/toutiao/muye/main/static/js/449.9679a1c3.js:5
[    1953ms] [ERROR] Refused to get unsafe header "x-tt-zhal" @ https://lf-serial-static.fanqienovel.com/obj/novel-serial-cdn/toutiao/muye/main/static/js/449.9679a1c3.js:1
[    3270ms] [ERROR] Refused to get unsafe header "x-tt-zhal" @ https://lf-serial-static.fanqienovel.com/obj/novel-serial-cdn/toutiao/muye/main/static/js/449.9679a1c3.js:1
[    7706ms] [ERROR] Refused to get unsafe header "x-tt-zhal" @ https://lf-serial-static.fanqienovel.com/obj/novel-serial-cdn/toutiao/muye/main/static/js/449.9679a1c3.js:1
[    8875ms] [ERROR] Refused to get unsafe header "x-tt-zhal" @ https://lf-serial-static.fanqienovel.com/obj/novel-serial-cdn/toutiao/muye/main/static/js/449.9679a1c3.js:1
[   13821ms] [ERROR] Refused to get unsafe header "x-tt-zhal" @ https://lf-serial-static.fanqienovel.com/obj/novel-serial-cdn/toutiao/muye/main/static/js/449.9679a1c3.js:1
[   16807ms] [ERROR] Refused to get unsafe header "x-tt-zhal" @ https://lf-serial-static.fanqienovel.com/obj/novel-serial-cdn/toutiao/muye/main/static/js/449.9679a1c3.js:1
[   17878ms] [ERROR] Refused to get unsafe header "x-tt-zhal" @ https://lf-serial-static.fanqienovel.com/obj/novel-serial-cdn/toutiao/muye/main/static/js/449.9679a1c3.js:1
[   18872ms] [ERROR] Refused to get unsafe header "x-tt-zhal" @ https://lf-serial-static.fanqienovel.com/obj/novel-serial-cdn/toutiao/muye/main/static/js/449.9679a1c3.js:1
[   21807ms] [ERROR] Refused to get unsafe header "x-tt-zhal" @ https://lf-serial-static.fanqienovel.com/obj/novel-serial-cdn/toutiao/muye/main/static/js/449.9679a1c3.js:1
[   23272ms] [ERROR] The Content Security Policy directive 'upgrade-insecure-requests' is ignored when delivered in a report-only policy. @ https://fanqienovel.com/main/writer/:0
[   23576ms] [ERROR] Failed to load resource: net::ERR_NAME_NOT_RESOLVED @ https://tosv.byted.org/obj/novel-platform/9f89ddb57268eb74fc60228e136ca0a5:0
[   23915ms] [LOG] %c %s color: yellow; background-color: black; [AppLog WEB SDK] [instance: newTea] appid: 2503, userInfo:{"user_unique_id":"7629432237671646735","user_id":"3352882625651228","web_id":"7629432237671646735"} @ https://lf-serial-static.fanqienovel.com/obj/novel-serial-cdn/toutiao/muye/main/static/js/449.9679a1c3.js:5
[   23916ms] [LOG] %c %s color: yellow; background-color: black; [AppLog WEB SDK] [instance: newTea] appid: 2503, sdk is ready, version type is base, version is 5.3.2, you can report now !!! @ https://lf-serial-static.fanqienovel.com/obj/novel-serial-cdn/toutiao/muye/main/static/js/449.9679a1c3.js:5
[   24017ms] [ERROR] Refused to get unsafe header "x-tt-zhal" @ https://lf-serial-static.fanqienovel.com/obj/novel-serial-cdn/toutiao/muye/main/static/js/449.9679a1c3.js:1
[   24018ms] [ERROR] Refused to get unsafe header "x-tt-zhal" @ https://lf-serial-static.fanqienovel.com/obj/novel-serial-cdn/toutiao/muye/main/static/js/449.9679a1c3.js:1
[   24079ms] [ERROR] Refused to get unsafe header "x-tt-zhal" @ https://lf-serial-static.fanqienovel.com/obj/novel-serial-cdn/toutiao/muye/main/static/js/449.9679a1c3.js:1
[   24088ms] [ERROR] Refused to get unsafe header "x-tt-zhal" @ https://lf-serial-static.fanqienovel.com/obj/novel-serial-cdn/toutiao/muye/main/static/js/449.9679a1c3.js:1
[   24113ms] [ERROR] Refused to get unsafe header "x-tt-zhal" @ https://lf-serial-static.fanqienovel.com/obj/novel-serial-cdn/toutiao/muye/main/static/js/449.9679a1c3.js:1
[   24325ms] [ERROR] Refused to get unsafe header "x-tt-zhal" @ https://lf-serial-static.fanqienovel.com/obj/novel-serial-cdn/toutiao/muye/main/static/js/449.9679a1c3.js:1
[   24374ms] [ERROR] Refused to get unsafe header "x-tt-zhal" @ https://lf-serial-static.fanqienovel.com/obj/novel-serial-cdn/toutiao/muye/main/static/js/449.9679a1c3.js:1
[   25800ms] [ERROR] Refused to get unsafe header "x-tt-zhal" @ https://lf-serial-static.fanqienovel.com/obj/novel-serial-cdn/toutiao/muye/main/static/js/449.9679a1c3.js:1
[   29799ms] [ERROR] Refused to get unsafe header "x-tt-zhal" @ https://lf-serial-static.fanqienovel.com/obj/novel-serial-cdn/toutiao/muye/main/static/js/449.9679a1c3.js:1
[   46051ms] [ERROR] Refused to get unsafe header "x-tt-zhal" @ https://lf-serial-static.fanqienovel.com/obj/novel-serial-cdn/toutiao/muye/main/static/js/449.9679a1c3.js:1
[   46295ms] [ERROR] Refused to get unsafe header "x-tt-zhal" @ https://lf-serial-static.fanqienovel.com/obj/novel-serial-cdn/toutiao/muye/main/static/js/449.9679a1c3.js:1
[   47363ms] [ERROR] Refused to get unsafe header "x-tt-zhal" @ https://lf-serial-static.fanqienovel.com/obj/novel-serial-cdn/toutiao/muye/main/static/js/449.9679a1c3.js:1
[   84022ms] [ERROR] Refused to get unsafe header "x-tt-zhal" @ https://lf-serial-static.fanqienovel.com/obj/novel-serial-cdn/toutiao/muye/main/static/js/449.9679a1c3.js:1
[   85174ms] [ERROR] Refused to get unsafe header "x-tt-zhal" @ https://lf-serial-static.fanqienovel.com/obj/novel-serial-cdn/toutiao/muye/main/static/js/449.9679a1c3.js:1
[  145327ms] [ERROR] Refused to get unsafe header "x-tt-zhal" @ https://lf-serial-static.fanqienovel.com/obj/novel-serial-cdn/toutiao/muye/main/static/js/449.9679a1c3.js:1
