[     305ms] [ERROR] The Content Security Policy directive 'upgrade-insecure-requests' is ignored when delivered in a report-only policy. @ https://fanqienovel.com/main/writer/chapter-manage/7629426117224451097&%E6%83%B3%E5%BD%93%E6%91%86%E7%83%82NPC%EF%BC%8C%E5%85%A8%E6%9C%8D%E5%8D%B4%E9%83%BD%E5%8F%AB%E6%88%91%E7%88%B9?type=1:0
[     498ms] [ERROR] Failed to load resource: net::ERR_NAME_NOT_RESOLVED @ https://tosv.byted.org/obj/novel-platform/9f89ddb57268eb74fc60228e136ca0a5:0
[     832ms] [LOG] %c %s color: yellow; background-color: black; [AppLog WEB SDK] [instance: newTea] appid: 2503, userInfo:{"user_unique_id":"7629432237671646735","user_id":"3352882625651228","web_id":"7629432237671646735"} @ https://lf-serial-static.fanqienovel.com/obj/novel-serial-cdn/toutiao/muye/main/static/js/449.9679a1c3.js:5
[     833ms] [LOG] %c %s color: yellow; background-color: black; [AppLog WEB SDK] [instance: newTea] appid: 2503, sdk is ready, version type is base, version is 5.3.2, you can report now !!! @ https://lf-serial-static.fanqienovel.com/obj/novel-serial-cdn/toutiao/muye/main/static/js/449.9679a1c3.js:5
[     849ms] [ERROR] Refused to get unsafe header "x-tt-zhal" @ https://lf-serial-static.fanqienovel.com/obj/novel-serial-cdn/toutiao/muye/main/static/js/449.9679a1c3.js:1
[     932ms] [ERROR] Refused to get unsafe header "x-tt-zhal" @ https://lf-serial-static.fanqienovel.com/obj/novel-serial-cdn/toutiao/muye/main/static/js/449.9679a1c3.js:1
[     937ms] [ERROR] Refused to get unsafe header "x-tt-zhal" @ https://lf-serial-static.fanqienovel.com/obj/novel-serial-cdn/toutiao/muye/main/static/js/449.9679a1c3.js:1
[     995ms] [ERROR] Refused to get unsafe header "x-tt-zhal" @ https://lf-serial-static.fanqienovel.com/obj/novel-serial-cdn/toutiao/muye/main/static/js/449.9679a1c3.js:1
[    1003ms] [ERROR] Refused to get unsafe header "x-tt-zhal" @ https://lf-serial-static.fanqienovel.com/obj/novel-serial-cdn/toutiao/muye/main/static/js/449.9679a1c3.js:1
[    1005ms] [ERROR] Refused to get unsafe header "x-tt-zhal" @ https://lf-serial-static.fanqienovel.com/obj/novel-serial-cdn/toutiao/muye/main/static/js/449.9679a1c3.js:1
[    1077ms] [ERROR] Refused to get unsafe header "x-tt-zhal" @ https://lf-serial-static.fanqienovel.com/obj/novel-serial-cdn/toutiao/muye/main/static/js/449.9679a1c3.js:1
[    1083ms] [ERROR] Refused to get unsafe header "x-tt-zhal" @ https://lf-serial-static.fanqienovel.com/obj/novel-serial-cdn/toutiao/muye/main/static/js/449.9679a1c3.js:1
[    2552ms] [ERROR] Refused to get unsafe header "x-tt-zhal" @ https://lf-serial-static.fanqienovel.com/obj/novel-serial-cdn/toutiao/muye/main/static/js/449.9679a1c3.js:1
[   60926ms] [ERROR] Refused to get unsafe header "x-tt-zhal" @ https://lf-serial-static.fanqienovel.com/obj/novel-serial-cdn/toutiao/muye/main/static/js/449.9679a1c3.js:1
[   62270ms] [ERROR] Refused to get unsafe header "x-tt-zhal" @ https://lf-serial-static.fanqienovel.com/obj/novel-serial-cdn/toutiao/muye/main/static/js/449.9679a1c3.js:1
[  122528ms] [ERROR] Refused to get unsafe header "x-tt-zhal" @ https://lf-serial-static.fanqienovel.com/obj/novel-serial-cdn/toutiao/muye/main/static/js/449.9679a1c3.js:1
[  182392ms] [ERROR] Refused to get unsafe header "x-tt-zhal" @ https://lf-serial-static.fanqienovel.com/obj/novel-serial-cdn/toutiao/muye/main/static/js/449.9679a1c3.js:1
[  242237ms] [ERROR] Refused to get unsafe header "x-tt-zhal" @ https://lf-serial-static.fanqienovel.com/obj/novel-serial-cdn/toutiao/muye/main/static/js/449.9679a1c3.js:1
[  302290ms] [ERROR] Refused to get unsafe header "x-tt-zhal" @ https://lf-serial-static.fanqienovel.com/obj/novel-serial-cdn/toutiao/muye/main/static/js/449.9679a1c3.js:1
[  362291ms] [ERROR] Refused to get unsafe header "x-tt-zhal" @ https://lf-serial-static.fanqienovel.com/obj/novel-serial-cdn/toutiao/muye/main/static/js/449.9679a1c3.js:1
[  422362ms] [ERROR] Refused to get unsafe header "x-tt-zhal" @ https://lf-serial-static.fanqienovel.com/obj/novel-serial-cdn/toutiao/muye/main/static/js/449.9679a1c3.js:1
[  458686ms] [ERROR] Refused to get unsafe header "x-tt-zhal" @ https://lf-serial-static.fanqienovel.com/obj/novel-serial-cdn/toutiao/muye/main/static/js/449.9679a1c3.js:1
[  458746ms] [ERROR] Refused to get unsafe header "x-tt-zhal" @ https://lf-serial-static.fanqienovel.com/obj/novel-serial-cdn/toutiao/muye/main/static/js/449.9679a1c3.js:1
[  458771ms] [ERROR] Refused to get unsafe header "x-tt-zhal" @ https://lf-serial-static.fanqienovel.com/obj/novel-serial-cdn/toutiao/muye/main/static/js/449.9679a1c3.js:1
[  458969ms] [ERROR] Refused to get unsafe header "x-tt-zhal" @ https://lf-serial-static.fanqienovel.com/obj/novel-serial-cdn/toutiao/muye/main/static/js/449.9679a1c3.js:1
[  459126ms] [ERROR] Refused to get unsafe header "x-tt-zhal" @ https://lf-serial-static.fanqienovel.com/obj/novel-serial-cdn/toutiao/muye/main/static/js/449.9679a1c3.js:1
[  459253ms] [ERROR] Refused to get unsafe header "x-tt-zhal" @ https://lf-serial-static.fanqienovel.com/obj/novel-serial-cdn/toutiao/muye/main/static/js/449.9679a1c3.js:1
[  460971ms] [ERROR] Refused to get unsafe header "x-tt-zhal" @ https://lf-serial-static.fanqienovel.com/obj/novel-serial-cdn/toutiao/muye/main/static/js/449.9679a1c3.js:1
[  463554ms] [ERROR] Refused to get unsafe header "x-tt-zhal" @ https://lf-serial-static.fanqienovel.com/obj/novel-serial-cdn/toutiao/muye/main/static/js/449.9679a1c3.js:1
[  463857ms] [ERROR] Refused to get unsafe header "x-tt-zhal" @ https://lf-serial-static.fanqienovel.com/obj/novel-serial-cdn/toutiao/muye/main/static/js/449.9679a1c3.js:1
[  465174ms] [ERROR] Refused to get unsafe header "x-tt-zhal" @ https://lf-serial-static.fanqienovel.com/obj/novel-serial-cdn/toutiao/muye/main/static/js/449.9679a1c3.js:1
[  474086ms] [ERROR] Refused to get unsafe header "x-tt-zhal" @ https://lf-serial-static.fanqienovel.com/obj/novel-serial-cdn/toutiao/muye/main/static/js/449.9679a1c3.js:1
[  475735ms] [ERROR] Refused to get unsafe header "x-tt-zhal" @ https://lf-serial-static.fanqienovel.com/obj/novel-serial-cdn/toutiao/muye/main/static/js/449.9679a1c3.js:1
[  480163ms] [ERROR] Refused to get unsafe header "x-tt-zhal" @ https://lf-serial-static.fanqienovel.com/obj/novel-serial-cdn/toutiao/muye/main/static/js/449.9679a1c3.js:1
[  480443ms] [ERROR] Refused to get unsafe header "x-tt-zhal" @ https://lf-serial-static.fanqienovel.com/obj/novel-serial-cdn/toutiao/muye/main/static/js/449.9679a1c3.js:1
[  482355ms] [ERROR] Refused to get unsafe header "x-tt-zhal" @ https://lf-serial-static.fanqienovel.com/obj/novel-serial-cdn/toutiao/muye/main/static/js/449.9679a1c3.js:1
